Copyright (c) 1992-2010 The FreeBSD Project.
Copyright (c) 1979, 1980, 1983, 1986, 1988, 1989, 1991, 1992, 1993, 1994
	The Regents of the University of California. All rights reserved.
FreeBSD is a registered trademark of The FreeBSD Foundation.
FreeBSD 7.3-RELEASE #0: Sun Mar 21 06:15:01 UTC 2010
    root@walker.cse.buffalo.edu:/usr/obj/usr/src/sys/GENERIC i386
Timecounter "i8254" frequency 1193182 Hz quality 0
CPU: Genuine Intel(R) CPU           U7300  @ 1.30GHz (1338.94-MHz 686-class CPU)
  Origin = "GenuineIntel"  Id = 0x1067a  Stepping = 10
  Features=0x783fbbf<FPU,VME,DE,PSE,TSC,MSR,MCE,CX8,APIC,SEP,MTRR,PGE,MCA,CMOV,PAT,PSE36,MMX,FXSR,SSE,SSE2>
  Features2=0x209<SSE3,MON,SSSE3>
real memory  = 134152192 (127 MB)
avail memory = 117145600 (111 MB)
pnpbios: Bad PnP BIOS data checksum
kbd1 at kbdmux0
acpi0: <VBOX VBOXXSDT> on motherboard
acpi0: [ITHREAD]
acpi0: Power Button (fixed)
acpi0: Sleep Button (fixed)
Timecounter "ACPI-safe" frequency 3579545 Hz quality 850
acpi_timer0: <32-bit timer at 3.579545MHz> port 0x4008-0x400b on acpi0
pcib0: <ACPI Host-PCI bridge> port 0xcf8-0xcff on acpi0
pci0: <ACPI PCI bus> on pcib0
isab0: <PCI-ISA bridge> at device 1.0 on pci0
isa0: <ISA bus> on isab0
atapci0: <Intel PIIX4 UDMA33 controller> port 0x1f0-0x1f7,0x3f6,0x170-0x177,0x376,0xd000-0xd00f at device 1.1 on pci0
ata0: <ATA channel 0> on atapci0
ata0: [ITHREAD]
ata1: <ATA channel 1> on atapci0
ata1: [ITHREAD]
vgapci0: <VGA-compatible display> mem 0xe0000000-0xe0ffffff irq 11 at device 2.0 on pci0
em0: <Intel(R) PRO/1000 Network Connection 6.9.6> port 0xd010-0xd017 mem 0xf0000000-0xf001ffff irq 10 at device 3.0 on pci0
em0: [FILTER]
em0: Ethernet address: 08:00:27:f4:61:1f
pci0: <base peripheral> at device 4.0 (no driver attached)
pci0: <multimedia, audio> at device 5.0 (no driver attached)
ohci0: <OHCI (generic) USB controller> mem 0xf0804000-0xf0804fff irq 11 at device 6.0 on pci0
ohci0: [GIANT-LOCKED]
ohci0: [ITHREAD]
usb0: OHCI version 1.0
usb0: <OHCI (generic) USB controller> on ohci0
usb0: USB revision 1.0
uhub0: <Apple OHCI root hub, class 9/0, rev 1.00/1.00, addr 1> on usb0
uhub0: 8 ports with 8 removable, self powered
pci0: <bridge> at device 7.0 (no driver attached)
ehci0: <Intel 82801FB (ICH6) USB 2.0 controller> mem 0xf0805000-0xf0805fff irq 10 at device 11.0 on pci0
ehci0: [GIANT-LOCKED]
ehci0: [ITHREAD]
usb1: EHCI version 1.0
usb1: <Intel 82801FB (ICH6) USB 2.0 controller> on ehci0
usb1: USB revision 2.0
uhub1: <Intel EHCI root hub, class 9/0, rev 2.00/1.00, addr 1> on usb1
uhub1: 8 ports with 8 removable, self powered
battery0: <ACPI Control Method Battery> on acpi0
acpi_acad0: <AC Adapter> on acpi0
atkbdc0: <Keyboard controller (i8042)> port 0x60,0x64 irq 1 on acpi0
atkbd0: <AT Keyboard> irq 1 on atkbdc0
kbd0 at atkbd0
atkbd0: [GIANT-LOCKED]
atkbd0: [ITHREAD]
psm0: <PS/2 Mouse> irq 12 on atkbdc0
psm0: [GIANT-LOCKED]
psm0: [ITHREAD]
psm0: model IntelliMouse Explorer, device ID 4
pmtimer0 on isa0
orm0: <ISA Option ROMs> at iomem 0xc0000-0xc8fff,0xe2000-0xe2fff pnpid ORM0000 on isa0
ppc0: parallel port not found.
sc0: <System console> at flags 0x100 on isa0
sc0: VGA <16 virtual consoles, flags=0x300>
sio0: configured irq 4 not in bitmap of probed irqs 0
sio0: port may not be enabled
sio0: configured irq 4 not in bitmap of probed irqs 0
sio0: port may not be enabled
sio0 at port 0x3f8-0x3ff irq 4 flags 0x10 on isa0
sio0: type 8250 or not responding
sio0: [FILTER]
sio1: configured irq 3 not in bitmap of probed irqs 0
sio1: port may not be enabled
vga0: <Generic ISA VGA> at port 0x3c0-0x3df iomem 0xa0000-0xbffff on isa0
Timecounter "TSC" frequency 1338937165 Hz quality 800
Timecounters tick every 1.000 msec
ad0: 20480MB <VBOX HARDDISK 1.0> at ata0-master UDMA33
acd0: timeout waiting to issue command
acd0: error issuing ATA PACKET command
acd0: timeout waiting to issue command
acd0: error issuing ATA PACKET command
acd0: timeout waiting to issue command
acd0: error issuing ATA PACKET command
acd0: timeout waiting to issue command
acd0: error issuing ATA PACKET command
acd0: timeout waiting to issue command
acd0: error issuing ATA PACKET command
acd0: CDROM <VBOX CD-ROM/1.0> at ata0-slave UDMA33
acd0: timeout waiting to issue command
acd0: error issuing ATA PACKET command
acd0: timeout waiting to issue command
acd0: error issuing ATA PACKET command
acd0: timeout waiting to issue command
acd0: error issuing ATA PACKET command
acd0: timeout waiting to issue command
acd0: error issuing ATA PACKET command
acd0: timeout waiting to issue command
acd0: error issuing ATA PACKET command
acd0: timeout waiting to issue command
acd0: error issuing ATA PACKET command
acd0: timeout waiting to issue command
acd0: error issuing ATA PACKET command
acd0: timeout waiting to issue command
acd0: error issuing ATA PACKET command
acd0: timeout waiting to issue command
acd0: error issuing ATA PACKET command
acd0: timeout waiting to issue command
acd0: error issuing ATA PACKET command
acd0: timeout waiting to issue command
acd0: error issuing ATA PACKET command
acd0: timeout waiting to issue command
acd0: error issuing ATA PACKET command
acd0: timeout waiting to issue command
acd0: error issuing ATA PACKET command
acd0: timeout waiting to issue command
acd0: error issuing ATA PACKET command
acd0: timeout waiting to issue command
acd0: error issuing ATA PACKET command
acd0: timeout waiting to issue command
acd0: error issuing ATA PACKET command
acd0: timeout waiting to issue command
acd0: error issuing ATA PACKET command
acd0: timeout waiting to issue command
acd0: error issuing ATA PACKET command
acd0: timeout waiting to issue command
acd0: error issuing ATA PACKET command
acd0: timeout waiting to issue command
acd0: error issuing ATA PACKET command
Trying to mount root from ufs:/dev/ad0s1a
em0: link state changed to DOWN
em0: link state changed to UP
