Linux version 2.6.21.7-2.fc8xen (mockbuild@xenbuilder4.fedora.phx.redhat.com) (gcc version 4.1.2 20070925 (Red Hat 4.1.2-33)) #1 SMP Fri Feb 15 12:34:28 EST 2008
Command line:  root=/dev/sda1 ro 4
BIOS-provided physical RAM map:
 Xen: 0000000000000000 - 00000003c0800000 (usable)
Entering add_active_range(0, 0, 3934208) 0 entries of 256 used
end_pfn_map = 3934208
Entering add_active_range(0, 0, 3934208) 0 entries of 256 used
Zone PFN ranges:
  DMA             0 ->  3934208
  DMA32     3934208 ->  3934208
  Normal    3934208 ->  3934208
early_node_map[1] active PFN ranges
    0:        0 ->  3934208
On node 0 totalpages: 3934208
  DMA zone: 53788 pages used for memmap
  DMA zone: 0 pages reserved
  DMA zone: 3880420 pages, LIFO batch:31
  DMA32 zone: 0 pages used for memmap
  Normal zone: 0 pages used for memmap
No mptable found.
PERCPU: Allocating 26496 bytes of per cpu data
Built 1 zonelists.  Total pages: 3880420
Kernel command line:  root=/dev/sda1 ro 4
Initializing CPU#0
PID hash table entries: 4096 (order: 12, 32768 bytes)
Xen reported: 2659.998 MHz processor.
Console: colour dummy device 80x25
Dentry cache hash table entries: 2097152 (order: 12, 16777216 bytes)
Inode-cache hash table entries: 1048576 (order: 11, 8388608 bytes)
Calgary: detecting Calgary via BIOS EBDA area
Calgary: Unable to locate Rio Grande table in EBDA - bailing!
Software IO TLB disabled
Memory: 15413628k/15736832k available (2265k kernel code, 314320k reserved, 1351k data, 200k init)
Calibrating delay using timer specific routine.. 5322.42 BogoMIPS (lpj=2661213)
Security Framework v1.0.0 initialized
SELinux:  Initializing.
SELinux:  Starting in permissive mode
selinux_register_security:  Registering secondary module capability
Capability LSM initialized as secondary
Mount-cache hash table entries: 256
CPU: L1 I cache: 32K, L1 D cache: 32K
CPU: L2 cache: 6144K
CPU: Physical Processor ID: 0
CPU: Processor Core ID: 3
SMP alternatives: switching to UP code
Brought up 1 CPUs
sizeof(vma)=168 bytes
sizeof(page)=56 bytes
sizeof(inode)=560 bytes
sizeof(dentry)=208 bytes
sizeof(ext3inode)=760 bytes
sizeof(buffer_head)=104 bytes
sizeof(skbuff)=248 bytes
sizeof(task_struct)=1888 bytes
NET: Registered protocol family 16
SMP alternatives: switching to SMP code
Initializing CPU#1
migration_cost=13
migration_cost=13
Initializing CPU#2
migration_cost=13Initializing CPU#3

Brought up 4 CPUs
PCI: Fatal: No config space access function found
PCI: setting up Xen PCI frontend stub
ACPI: Interpreter disabled.
Linux Plug and Play Support v0.97 (c) Adam Belay
pnp: PnP ACPI: disabled
xen_mem: Initialising balloon driver.
usbcore: registered new interface driver usbfs
usbcore: registered new interface driver hub
usbcore: registered new device driver usb
PCI: System does not support PCI
PCI: System does not support PCI
NetLabel: Initializing
NetLabel:  domain hash size = 128
NetLabel:  protocols = UNLABELED CIPSOv4
NetLabel:  unlabeled traffic allowed by default
NET: Registered protocol family 2
IP route cache hash table entries: 524288 (order: 10, 4194304 bytes)
TCP established hash table entries: 131072 (order: 9, 3145728 bytes)
TCP bind hash table entries: 65536 (order: 8, 1048576 bytes)
TCP: Hash tables configured (established 131072 bind 65536)
TCP reno registered
checking if image is initramfs... it is
Freeing initrd memory: 7519k freed
audit: initializing netlink socket (disabled)
audit(1274550575.292:1): initialized
VFS: Disk quotas dquot_6.5.1
Dquot-cache hash table entries: 512 (order 0, 4096 bytes)
SELinux:  Registering netfilter hooks
ksign: Installing public key data
Loading keyring
io scheduler noop registered
io scheduler anticipatory registered
io scheduler deadline registered
io scheduler cfq registered (default)
pci_hotplug: PCI Hot Plug PCI Core version: 0.5
rtc: IRQ 8 is not free.
Non-volatile memory driver v1.2
Linux agpgart interface v0.102 (c) Dave Jones
RAMDISK driver initialized: 16 RAM disks of 16384K size 4096 blocksize
input: Macintosh mouse button emulation as /class/input/input0
Xen virtual console successfully installed as xvc0
Event-channel device installed.
usbcore: registered new interface driver hiddev
usbcore: registered new interface driver usbhid
drivers/usb/input/hid-core.c: v2.6:USB HID core driver
PNP: No PS/2 controller found. Probing ports directly.
i8042.c: No controller found.
mice: PS/2 mouse device common for all mice
TCP bic registered
Initializing XFRM netlink socket
NET: Registered protocol family 1
NET: Registered protocol family 17
XENBUS: Device with no driver: device/vif/0
XENBUS: Device with no driver: device/vbd/2049
XENBUS: Device with no driver: device/vbd/2064
XENBUS: Device with no driver: device/vbd/2080
XENBUS: Device with no driver: device/vbd/2096
XENBUS: Device with no driver: device/vbd/2112
drivers/rtc/hctosys.c: unable to open rtc device (rtc0)
Freeing unused kernel memory: 200k freed
Write protecting the kernel read-only data: 981k
netfront: Initialising virtual ethernet driver.
netfront: device eth0 has flipping receive path.
xen-vbd: registered block device major 8
 sdb: unknown partition table
 sdc: unknown partition table
 sdd: unknown partition table
 sde: unknown partition table
ohci_hcd: 2006 August 04 USB 1.1 'Open' Host Controller (OHCI) Driver
USB Universal Host Controller Interface driver v3.0
kjournald starting.  Commit interval 5 seconds
EXT3-fs: mounted filesystem with ordered data mode.
input: PC Speaker as /class/input/input1
Floppy drive(s): fd0 is unknown type 15 (usb?), fd1 is unknown type 15 (usb?)
Failed to obtain physical IRQ 6
floppy0: no floppy controllers found
lp: driver loaded but no devices found
md: Autodetecting RAID arrays.
md: autorun ...
md: ... autorun DONE.
device-mapper: ioctl: 4.11.0-ioctl (2006-10-12) initialised: dm-devel@redhat.com
device-mapper: multipath: version 1.0.5 loaded
EXT3 FS on sda1, internal journal
kjournald starting.  Commit interval 5 seconds
EXT3 FS on sdb, internal journal
EXT3-fs: mounted filesystem with ordered data mode.
